Archive member included because of file (symbol)

C:\Users\aluno\Desktop\Workspace_sergio\Lib_EaBaseBoard\Debug\libLib_EaBaseBoard.a(oled.o)
                              ./src/main.o (oled_init)
C:\Users\aluno\Desktop\Workspace_sergio\Lib_EaBaseBoard\Debug\libLib_EaBaseBoard.a(font5x7.o)
                              C:\Users\aluno\Desktop\Workspace_sergio\Lib_EaBaseBoard\Debug\libLib_EaBaseBoard.a(oled.o) (font5x7)
C:\Users\aluno\Desktop\Workspace_sergio\Lib_MCU\Debug\libLib_MCU.a(lpc17xx_adc.o)
                              ./src/main.o (ADC_Init)
C:\Users\aluno\Desktop\Workspace_sergio\Lib_MCU\Debug\libLib_MCU.a(lpc17xx_clkpwr.o)
                              C:\Users\aluno\Desktop\Workspace_sergio\Lib_MCU\Debug\libLib_MCU.a(lpc17xx_adc.o) (CLKPWR_GetPCLK)
C:\Users\aluno\Desktop\Workspace_sergio\Lib_MCU\Debug\libLib_MCU.a(lpc17xx_gpio.o)
                              C:\Users\aluno\Desktop\Workspace_sergio\Lib_EaBaseBoard\Debug\libLib_EaBaseBoard.a(oled.o) (GPIO_SetDir)
C:\Users\aluno\Desktop\Workspace_sergio\Lib_MCU\Debug\libLib_MCU.a(lpc17xx_i2c.o)
                              ./src/main.o (I2C_Init)
C:\Users\aluno\Desktop\Workspace_sergio\Lib_MCU\Debug\libLib_MCU.a(lpc17xx_pinsel.o)
                              ./src/main.o (PINSEL_ConfigPin)
C:\Users\aluno\Desktop\Workspace_sergio\Lib_MCU\Debug\libLib_MCU.a(lpc17xx_ssp.o)
                              ./src/main.o (SSP_Init)
C:\Users\aluno\Desktop\Workspace_sergio\Lib_CMSISv1p30_LPC17xx\Debug\libLib_CMSISv1p30_LPC17xx.a(system_LPC17xx.o)
                              C:\Users\aluno\Desktop\Workspace_sergio\Lib_MCU\Debug\libLib_MCU.a(lpc17xx_clkpwr.o) (SystemCoreClock)
c:/nxp/lpcxpresso_5.2.6_2137/lpcxpresso/tools/bin/../lib/gcc/arm-none-eabi/4.6.2/armv7-m\libgcc.a(_aeabi_uldivmod.o)
                              C:\Users\aluno\Desktop\Workspace_sergio\Lib_CMSISv1p30_LPC17xx\Debug\libLib_CMSISv1p30_LPC17xx.a(system_LPC17xx.o) (__aeabi_uldivmod)
c:/nxp/lpcxpresso_5.2.6_2137/lpcxpresso/tools/bin/../lib/gcc/arm-none-eabi/4.6.2/armv7-m\libgcc.a(bpabi.o)
                              c:/nxp/lpcxpresso_5.2.6_2137/lpcxpresso/tools/bin/../lib/gcc/arm-none-eabi/4.6.2/armv7-m\libgcc.a(_aeabi_uldivmod.o) (__gnu_uldivmod_helper)
c:/nxp/lpcxpresso_5.2.6_2137/lpcxpresso/tools/bin/../lib/gcc/arm-none-eabi/4.6.2/armv7-m\libgcc.a(_dvmd_tls.o)
                              c:/nxp/lpcxpresso_5.2.6_2137/lpcxpresso/tools/bin/../lib/gcc/arm-none-eabi/4.6.2/armv7-m\libgcc.a(_aeabi_uldivmod.o) (__aeabi_ldiv0)
c:/nxp/lpcxpresso_5.2.6_2137/lpcxpresso/tools/bin/../lib/gcc/arm-none-eabi/4.6.2/armv7-m\libgcc.a(_divdi3.o)
                              c:/nxp/lpcxpresso_5.2.6_2137/lpcxpresso/tools/bin/../lib/gcc/arm-none-eabi/4.6.2/armv7-m\libgcc.a(bpabi.o) (__divdi3)
c:/nxp/lpcxpresso_5.2.6_2137/lpcxpresso/tools/bin/../lib/gcc/arm-none-eabi/4.6.2/armv7-m\libgcc.a(_udivdi3.o)
                              c:/nxp/lpcxpresso_5.2.6_2137/lpcxpresso/tools/bin/../lib/gcc/arm-none-eabi/4.6.2/armv7-m\libgcc.a(bpabi.o) (__udivdi3)
c:/nxp/lpcxpresso_5.2.6_2137/lpcxpresso/tools/bin/../lib/gcc/arm-none-eabi/4.6.2/../../../../arm-none-eabi/lib/armv7-m\libc.a(lib_a-memset.o)
                              C:\Users\aluno\Desktop\Workspace_sergio\Lib_EaBaseBoard\Debug\libLib_EaBaseBoard.a(oled.o) (memset)

Discarded input sections

 .text          0x00000000        0x0 ./src/cr_startup_lpc17.o
 .data          0x00000000        0x0 ./src/cr_startup_lpc17.o
 .bss           0x00000000        0x0 ./src/cr_startup_lpc17.o
 .text          0x00000000        0x0 ./src/main.o
 .text          0x00000000        0x0 C:\Users\aluno\Desktop\Workspace_sergio\Lib_EaBaseBoard\Debug\libLib_EaBaseBoard.a(oled.o)
 .data          0x00000000        0x0 C:\Users\aluno\Desktop\Workspace_sergio\Lib_EaBaseBoard\Debug\libLib_EaBaseBoard.a(oled.o)
 .text.oled_line
                0x00000000      0x1d4 C:\Users\aluno\Desktop\Workspace_sergio\Lib_EaBaseBoard\Debug\libLib_EaBaseBoard.a(oled.o)
 .text.oled_circle
                0x00000000      0x32c C:\Users\aluno\Desktop\Workspace_sergio\Lib_EaBaseBoard\Debug\libLib_EaBaseBoard.a(oled.o)
 .text.oled_rect
                0x00000000       0x48 C:\Users\aluno\Desktop\Workspace_sergio\Lib_EaBaseBoard\Debug\libLib_EaBaseBoard.a(oled.o)
 .text          0x00000000        0x0 C:\Users\aluno\Desktop\Workspace_sergio\Lib_EaBaseBoard\Debug\libLib_EaBaseBoard.a(font5x7.o)
 .data          0x00000000        0x0 C:\Users\aluno\Desktop\Workspace_sergio\Lib_EaBaseBoard\Debug\libLib_EaBaseBoard.a(font5x7.o)
 .bss           0x00000000        0x0 C:\Users\aluno\Desktop\Workspace_sergio\Lib_EaBaseBoard\Debug\libLib_EaBaseBoard.a(font5x7.o)
 .text          0x00000000        0x0 C:\Users\aluno\Desktop\Workspace_sergio\Lib_MCU\Debug\libLib_MCU.a(lpc17xx_adc.o)
 .data          0x00000000        0x0 C:\Users\aluno\Desktop\Workspace_sergio\Lib_MCU\Debug\libLib_MCU.a(lpc17xx_adc.o)
 .bss           0x00000000        0x0 C:\Users\aluno\Desktop\Workspace_sergio\Lib_MCU\Debug\libLib_MCU.a(lpc17xx_adc.o)
 .text.ADC_DeInit
                0x00000000       0x48 C:\Users\aluno\Desktop\Workspace_sergio\Lib_MCU\Debug\libLib_MCU.a(lpc17xx_adc.o)
 .text.ADC_GetData
                0x00000000       0x38 C:\Users\aluno\Desktop\Workspace_sergio\Lib_MCU\Debug\libLib_MCU.a(lpc17xx_adc.o)
 .text.ADC_BurstCmd
                0x00000000       0x50 C:\Users\aluno\Desktop\Workspace_sergio\Lib_MCU\Debug\libLib_MCU.a(lpc17xx_adc.o)
 .text.ADC_PowerdownCmd
                0x00000000       0x50 C:\Users\aluno\Desktop\Workspace_sergio\Lib_MCU\Debug\libLib_MCU.a(lpc17xx_adc.o)
 .text.ADC_ChannelGetStatus
                0x00000000       0x8c C:\Users\aluno\Desktop\Workspace_sergio\Lib_MCU\Debug\libLib_MCU.a(lpc17xx_adc.o)
 .text.ADC_GlobalGetData
                0x00000000       0x48 C:\Users\aluno\Desktop\Workspace_sergio\Lib_MCU\Debug\libLib_MCU.a(lpc17xx_adc.o)
 .text.ADC_GlobalGetStatus
                0x00000000       0x7c C:\Users\aluno\Desktop\Workspace_sergio\Lib_MCU\Debug\libLib_MCU.a(lpc17xx_adc.o)
 .text          0x00000000        0x0 C:\Users\aluno\Desktop\Workspace_sergio\Lib_MCU\Debug\libLib_MCU.a(lpc17xx_clkpwr.o)
 .data          0x00000000        0x0 C:\Users\aluno\Desktop\Workspace_sergio\Lib_MCU\Debug\libLib_MCU.a(lpc17xx_clkpwr.o)
 .bss           0x00000000        0x0 C:\Users\aluno\Desktop\Workspace_sergio\Lib_MCU\Debug\libLib_MCU.a(lpc17xx_clkpwr.o)
 .text.__WFI    0x00000000        0xc C:\Users\aluno\Desktop\Workspace_sergio\Lib_MCU\Debug\libLib_MCU.a(lpc17xx_clkpwr.o)
 .text.CLKPWR_Sleep
                0x00000000       0x1c C:\Users\aluno\Desktop\Workspace_sergio\Lib_MCU\Debug\libLib_MCU.a(lpc17xx_clkpwr.o)
 .text.CLKPWR_DeepSleep
                0x00000000       0x28 C:\Users\aluno\Desktop\Workspace_sergio\Lib_MCU\Debug\libLib_MCU.a(lpc17xx_clkpwr.o)
 .text.CLKPWR_PowerDown
                0x00000000       0x28 C:\Users\aluno\Desktop\Workspace_sergio\Lib_MCU\Debug\libLib_MCU.a(lpc17xx_clkpwr.o)
 .text.CLKPWR_DeepPowerDown
                0x00000000       0x28 C:\Users\aluno\Desktop\Workspace_sergio\Lib_MCU\Debug\libLib_MCU.a(lpc17xx_clkpwr.o)
 .text          0x00000000        0x0 C:\Users\aluno\Desktop\Workspace_sergio\Lib_MCU\Debug\libLib_MCU.a(lpc17xx_gpio.o)
 .data          0x00000000        0x0 C:\Users\aluno\Desktop\Workspace_sergio\Lib_MCU\Debug\libLib_MCU.a(lpc17xx_gpio.o)
 .bss           0x00000000        0x0 C:\Users\aluno\Desktop\Workspace_sergio\Lib_MCU\Debug\libLib_MCU.a(lpc17xx_gpio.o)
 .text.FIO_HalfWordGetPointer
                0x00000000       0x7c C:\Users\aluno\Desktop\Workspace_sergio\Lib_MCU\Debug\libLib_MCU.a(lpc17xx_gpio.o)
 .text.FIO_ByteGetPointer
                0x00000000       0x7c C:\Users\aluno\Desktop\Workspace_sergio\Lib_MCU\Debug\libLib_MCU.a(lpc17xx_gpio.o)
 .text.GPIO_ReadValue
                0x00000000       0x30 C:\Users\aluno\Desktop\Workspace_sergio\Lib_MCU\Debug\libLib_MCU.a(lpc17xx_gpio.o)
 .text.FIO_SetDir
                0x00000000       0x28 C:\Users\aluno\Desktop\Workspace_sergio\Lib_MCU\Debug\libLib_MCU.a(lpc17xx_gpio.o)
 .text.FIO_SetValue
                0x00000000       0x20 C:\Users\aluno\Desktop\Workspace_sergio\Lib_MCU\Debug\libLib_MCU.a(lpc17xx_gpio.o)
 .text.FIO_ClearValue
                0x00000000       0x20 C:\Users\aluno\Desktop\Workspace_sergio\Lib_MCU\Debug\libLib_MCU.a(lpc17xx_gpio.o)
 .text.FIO_ReadValue
                0x00000000       0x20 C:\Users\aluno\Desktop\Workspace_sergio\Lib_MCU\Debug\libLib_MCU.a(lpc17xx_gpio.o)
 .text.FIO_SetMask
                0x00000000       0x54 C:\Users\aluno\Desktop\Workspace_sergio\Lib_MCU\Debug\libLib_MCU.a(lpc17xx_gpio.o)
 .text.FIO_HalfWordSetDir
                0x00000000       0x94 C:\Users\aluno\Desktop\Workspace_sergio\Lib_MCU\Debug\libLib_MCU.a(lpc17xx_gpio.o)
 .text.FIO_HalfWordSetMask
                0x00000000       0x94 C:\Users\aluno\Desktop\Workspace_sergio\Lib_MCU\Debug\libLib_MCU.a(lpc17xx_gpio.o)
 .text.FIO_HalfWordSetValue
                0x00000000       0x40 C:\Users\aluno\Desktop\Workspace_sergio\Lib_MCU\Debug\libLib_MCU.a(lpc17xx_gpio.o)
 .text.FIO_HalfWordClearValue
                0x00000000       0x40 C:\Users\aluno\Desktop\Workspace_sergio\Lib_MCU\Debug\libLib_MCU.a(lpc17xx_gpio.o)
 .text.FIO_HalfWordReadValue
                0x00000000       0x44 C:\Users\aluno\Desktop\Workspace_sergio\Lib_MCU\Debug\libLib_MCU.a(lpc17xx_gpio.o)
 .text.FIO_ByteSetDir
                0x00000000       0x70 C:\Users\aluno\Desktop\Workspace_sergio\Lib_MCU\Debug\libLib_MCU.a(lpc17xx_gpio.o)
 .text.FIO_ByteSetMask
                0x00000000       0x78 C:\Users\aluno\Desktop\Workspace_sergio\Lib_MCU\Debug\libLib_MCU.a(lpc17xx_gpio.o)
 .text.FIO_ByteSetValue
                0x00000000       0x3c C:\Users\aluno\Desktop\Workspace_sergio\Lib_MCU\Debug\libLib_MCU.a(lpc17xx_gpio.o)
 .text.FIO_ByteClearValue
                0x00000000       0x3c C:\Users\aluno\Desktop\Workspace_sergio\Lib_MCU\Debug\libLib_MCU.a(lpc17xx_gpio.o)
 .text.FIO_ByteReadValue
                0x00000000       0x40 C:\Users\aluno\Desktop\Workspace_sergio\Lib_MCU\Debug\libLib_MCU.a(lpc17xx_gpio.o)
 .text          0x00000000        0x0 C:\Users\aluno\Desktop\Workspace_sergio\Lib_MCU\Debug\libLib_MCU.a(lpc17xx_i2c.o)
 .data          0x00000000        0x0 C:\Users\aluno\Desktop\Workspace_sergio\Lib_MCU\Debug\libLib_MCU.a(lpc17xx_i2c.o)
 .bss           0x00000000       0x24 C:\Users\aluno\Desktop\Workspace_sergio\Lib_MCU\Debug\libLib_MCU.a(lpc17xx_i2c.o)
 .text.NVIC_EnableIRQ
                0x00000000       0x38 C:\Users\aluno\Desktop\Workspace_sergio\Lib_MCU\Debug\libLib_MCU.a(lpc17xx_i2c.o)
 .text.NVIC_DisableIRQ
                0x00000000       0x3c C:\Users\aluno\Desktop\Workspace_sergio\Lib_MCU\Debug\libLib_MCU.a(lpc17xx_i2c.o)
 .text.I2C_getNum
                0x00000000       0x54 C:\Users\aluno\Desktop\Workspace_sergio\Lib_MCU\Debug\libLib_MCU.a(lpc17xx_i2c.o)
 .text.I2C_Start
                0x00000000       0x44 C:\Users\aluno\Desktop\Workspace_sergio\Lib_MCU\Debug\libLib_MCU.a(lpc17xx_i2c.o)
 .text.I2C_Stop
                0x00000000       0x38 C:\Users\aluno\Desktop\Workspace_sergio\Lib_MCU\Debug\libLib_MCU.a(lpc17xx_i2c.o)
 .text.I2C_SendByte
                0x00000000       0x50 C:\Users\aluno\Desktop\Workspace_sergio\Lib_MCU\Debug\libLib_MCU.a(lpc17xx_i2c.o)
 .text.I2C_GetByte
                0x00000000       0x5c C:\Users\aluno\Desktop\Workspace_sergio\Lib_MCU\Debug\libLib_MCU.a(lpc17xx_i2c.o)
 .text.I2C_IntCmd
                0x00000000       0xa8 C:\Users\aluno\Desktop\Workspace_sergio\Lib_MCU\Debug\libLib_MCU.a(lpc17xx_i2c.o)
 .text.I2C_MasterHandler
                0x00000000      0x408 C:\Users\aluno\Desktop\Workspace_sergio\Lib_MCU\Debug\libLib_MCU.a(lpc17xx_i2c.o)
 .text.I2C_SlaveHandler
                0x00000000      0x1e4 C:\Users\aluno\Desktop\Workspace_sergio\Lib_MCU\Debug\libLib_MCU.a(lpc17xx_i2c.o)
 .text.I2C_DeInit
                0x00000000       0xa4 C:\Users\aluno\Desktop\Workspace_sergio\Lib_MCU\Debug\libLib_MCU.a(lpc17xx_i2c.o)
 .text.I2C_MasterTransferData
                0x00000000      0x390 C:\Users\aluno\Desktop\Workspace_sergio\Lib_MCU\Debug\libLib_MCU.a(lpc17xx_i2c.o)
 .text.I2C_SlaveTransferData
                0x00000000      0x2a4 C:\Users\aluno\Desktop\Workspace_sergio\Lib_MCU\Debug\libLib_MCU.a(lpc17xx_i2c.o)
 .text.I2C_SetOwnSlaveAddr
                0x00000000      0x114 C:\Users\aluno\Desktop\Workspace_sergio\Lib_MCU\Debug\libLib_MCU.a(lpc17xx_i2c.o)
 .text.I2C_MonitorModeConfig
                0x00000000       0x98 C:\Users\aluno\Desktop\Workspace_sergio\Lib_MCU\Debug\libLib_MCU.a(lpc17xx_i2c.o)
 .text.I2C_MonitorModeCmd
                0x00000000       0x8c C:\Users\aluno\Desktop\Workspace_sergio\Lib_MCU\Debug\libLib_MCU.a(lpc17xx_i2c.o)
 .text.I2C_MonitorGetDatabuffer
                0x00000000       0x54 C:\Users\aluno\Desktop\Workspace_sergio\Lib_MCU\Debug\libLib_MCU.a(lpc17xx_i2c.o)
 .text.I2C0_StdIntHandler
                0x00000000       0x1c C:\Users\aluno\Desktop\Workspace_sergio\Lib_MCU\Debug\libLib_MCU.a(lpc17xx_i2c.o)
 .text.I2C1_StdIntHandler
                0x00000000       0x1c C:\Users\aluno\Desktop\Workspace_sergio\Lib_MCU\Debug\libLib_MCU.a(lpc17xx_i2c.o)
 .text.I2C2_StdIntHandler
                0x00000000       0x1c C:\Users\aluno\Desktop\Workspace_sergio\Lib_MCU\Debug\libLib_MCU.a(lpc17xx_i2c.o)
 .text          0x00000000        0x0 C:\Users\aluno\Desktop\Workspace_sergio\Lib_MCU\Debug\libLib_MCU.a(lpc17xx_pinsel.o)
 .data          0x00000000        0x0 C:\Users\aluno\Desktop\Workspace_sergio\Lib_MCU\Debug\libLib_MCU.a(lpc17xx_pinsel.o)
 .bss           0x00000000        0x0 C:\Users\aluno\Desktop\Workspace_sergio\Lib_MCU\Debug\libLib_MCU.a(lpc17xx_pinsel.o)
 .text.PINSEL_ConfigTraceFunc
                0x00000000       0x54 C:\Users\aluno\Desktop\Workspace_sergio\Lib_MCU\Debug\libLib_MCU.a(lpc17xx_pinsel.o)
 .text.PINSEL_SetI2C0Pins
                0x00000000       0x3c C:\Users\aluno\Desktop\Workspace_sergio\Lib_MCU\Debug\libLib_MCU.a(lpc17xx_pinsel.o)
 .text          0x00000000        0x0 C:\Users\aluno\Desktop\Workspace_sergio\Lib_MCU\Debug\libLib_MCU.a(lpc17xx_ssp.o)
 .data          0x00000000        0x0 C:\Users\aluno\Desktop\Workspace_sergio\Lib_MCU\Debug\libLib_MCU.a(lpc17xx_ssp.o)
 .text.SSP_DeInit
                0x00000000       0x74 C:\Users\aluno\Desktop\Workspace_sergio\Lib_MCU\Debug\libLib_MCU.a(lpc17xx_ssp.o)
 .text.SSP_LoopBackCmd
                0x00000000       0x7c C:\Users\aluno\Desktop\Workspace_sergio\Lib_MCU\Debug\libLib_MCU.a(lpc17xx_ssp.o)
 .text.SSP_SlaveOutputCmd
                0x00000000       0x7c C:\Users\aluno\Desktop\Workspace_sergio\Lib_MCU\Debug\libLib_MCU.a(lpc17xx_ssp.o)
 .text.SSP_GetStatus
                0x00000000       0x84 C:\Users\aluno\Desktop\Workspace_sergio\Lib_MCU\Debug\libLib_MCU.a(lpc17xx_ssp.o)
 .text.SSP_IntConfig
                0x00000000       0x98 C:\Users\aluno\Desktop\Workspace_sergio\Lib_MCU\Debug\libLib_MCU.a(lpc17xx_ssp.o)
 .text.SSP_GetRawIntStatus
                0x00000000       0x7c C:\Users\aluno\Desktop\Workspace_sergio\Lib_MCU\Debug\libLib_MCU.a(lpc17xx_ssp.o)
 .text.SSP_GetIntStatus
                0x00000000       0x7c C:\Users\aluno\Desktop\Workspace_sergio\Lib_MCU\Debug\libLib_MCU.a(lpc17xx_ssp.o)
 .text.SSP_ClearIntPending
                0x00000000       0x60 C:\Users\aluno\Desktop\Workspace_sergio\Lib_MCU\Debug\libLib_MCU.a(lpc17xx_ssp.o)
 .text.SSP_DMACmd
                0x00000000       0xa8 C:\Users\aluno\Desktop\Workspace_sergio\Lib_MCU\Debug\libLib_MCU.a(lpc17xx_ssp.o)
 .text.SSP0_StdIntHandler
                0x00000000       0x1c C:\Users\aluno\Desktop\Workspace_sergio\Lib_MCU\Debug\libLib_MCU.a(lpc17xx_ssp.o)
 .text.SSP1_StdIntHandler
                0x00000000       0x1c C:\Users\aluno\Desktop\Workspace_sergio\Lib_MCU\Debug\libLib_MCU.a(lpc17xx_ssp.o)
 .text          0x00000000        0x0 C:\Users\aluno\Desktop\Workspace_sergio\Lib_CMSISv1p30_LPC17xx\Debug\libLib_CMSISv1p30_LPC17xx.a(system_LPC17xx.o)
 .bss           0x00000000        0x0 C:\Users\aluno\Desktop\Workspace_sergio\Lib_CMSISv1p30_LPC17xx\Debug\libLib_CMSISv1p30_LPC17xx.a(system_LPC17xx.o)
 .text.SystemCoreClockUpdate
                0x00000000      0x2d0 C:\Users\aluno\Desktop\Workspace_sergio\Lib_CMSISv1p30_LPC17xx\Debug\libLib_CMSISv1p30_LPC17xx.a(system_LPC17xx.o)
 .text          0x00000000       0x2c c:/nxp/lpcxpresso_5.2.6_2137/lpcxpresso/tools/bin/../lib/gcc/arm-none-eabi/4.6.2/armv7-m\libgcc.a(_aeabi_uldivmod.o)
 .data          0x00000000        0x0 c:/nxp/lpcxpresso_5.2.6_2137/lpcxpresso/tools/bin/../lib/gcc/arm-none-eabi/4.6.2/armv7-m\libgcc.a(_aeabi_uldivmod.o)
 .bss           0x00000000        0x0 c:/nxp/lpcxpresso_5.2.6_2137/lpcxpresso/tools/bin/../lib/gcc/arm-none-eabi/4.6.2/armv7-m\libgcc.a(_aeabi_uldivmod.o)
 .text          0x00000000       0x5c c:/nxp/lpcxpresso_5.2.6_2137/lpcxpresso/tools/bin/../lib/gcc/arm-none-eabi/4.6.2/armv7-m\libgcc.a(bpabi.o)
 .data          0x00000000        0x0 c:/nxp/lpcxpresso_5.2.6_2137/lpcxpresso/tools/bin/../lib/gcc/arm-none-eabi/4.6.2/armv7-m\libgcc.a(bpabi.o)
 .bss           0x00000000        0x0 c:/nxp/lpcxpresso_5.2.6_2137/lpcxpresso/tools/bin/../lib/gcc/arm-none-eabi/4.6.2/armv7-m\libgcc.a(bpabi.o)
 .text          0x00000000        0x4 c:/nxp/lpcxpresso_5.2.6_2137/lpcxpresso/tools/bin/../lib/gcc/arm-none-eabi/4.6.2/armv7-m\libgcc.a(_dvmd_tls.o)
 .data          0x00000000        0x0 c:/nxp/lpcxpresso_5.2.6_2137/lpcxpresso/tools/bin/../lib/gcc/arm-none-eabi/4.6.2/armv7-m\libgcc.a(_dvmd_tls.o)
 .bss           0x00000000        0x0 c:/nxp/lpcxpresso_5.2.6_2137/lpcxpresso/tools/bin/../lib/gcc/arm-none-eabi/4.6.2/armv7-m\libgcc.a(_dvmd_tls.o)
 .text          0x00000000      0x2c8 c:/nxp/lpcxpresso_5.2.6_2137/lpcxpresso/tools/bin/../lib/gcc/arm-none-eabi/4.6.2/armv7-m\libgcc.a(_divdi3.o)
 .data          0x00000000        0x0 c:/nxp/lpcxpresso_5.2.6_2137/lpcxpresso/tools/bin/../lib/gcc/arm-none-eabi/4.6.2/armv7-m\libgcc.a(_divdi3.o)
 .bss           0x00000000        0x0 c:/nxp/lpcxpresso_5.2.6_2137/lpcxpresso/tools/bin/../lib/gcc/arm-none-eabi/4.6.2/armv7-m\libgcc.a(_divdi3.o)
 .ARM.extab     0x00000000        0x0 c:/nxp/lpcxpresso_5.2.6_2137/lpcxpresso/tools/bin/../lib/gcc/arm-none-eabi/4.6.2/armv7-m\libgcc.a(_divdi3.o)
 .ARM.exidx     0x00000000        0x8 c:/nxp/lpcxpresso_5.2.6_2137/lpcxpresso/tools/bin/../lib/gcc/arm-none-eabi/4.6.2/armv7-m\libgcc.a(_divdi3.o)
 .text          0x00000000      0x298 c:/nxp/lpcxpresso_5.2.6_2137/lpcxpresso/tools/bin/../lib/gcc/arm-none-eabi/4.6.2/armv7-m\libgcc.a(_udivdi3.o)
 .data          0x00000000        0x0 c:/nxp/lpcxpresso_5.2.6_2137/lpcxpresso/tools/bin/../lib/gcc/arm-none-eabi/4.6.2/armv7-m\libgcc.a(_udivdi3.o)
 .bss           0x00000000        0x0 c:/nxp/lpcxpresso_5.2.6_2137/lpcxpresso/tools/bin/../lib/gcc/arm-none-eabi/4.6.2/armv7-m\libgcc.a(_udivdi3.o)
 .ARM.extab     0x00000000        0x0 c:/nxp/lpcxpresso_5.2.6_2137/lpcxpresso/tools/bin/../lib/gcc/arm-none-eabi/4.6.2/armv7-m\libgcc.a(_udivdi3.o)
 .ARM.exidx     0x00000000        0x8 c:/nxp/lpcxpresso_5.2.6_2137/lpcxpresso/tools/bin/../lib/gcc/arm-none-eabi/4.6.2/armv7-m\libgcc.a(_udivdi3.o)
 .text          0x00000000        0x0 c:/nxp/lpcxpresso_5.2.6_2137/lpcxpresso/tools/bin/../lib/gcc/arm-none-eabi/4.6.2/../../../../arm-none-eabi/lib/armv7-m\libc.a(lib_a-memset.o)
 .data          0x00000000        0x0 c:/nxp/lpcxpresso_5.2.6_2137/lpcxpresso/tools/bin/../lib/gcc/arm-none-eabi/4.6.2/../../../../arm-none-eabi/lib/armv7-m\libc.a(lib_a-memset.o)
 .bss           0x00000000        0x0 c:/nxp/lpcxpresso_5.2.6_2137/lpcxpresso/tools/bin/../lib/gcc/arm-none-eabi/4.6.2/../../../../arm-none-eabi/lib/armv7-m\libc.a(lib_a-memset.o)

Memory Configuration

Name             Origin             Length             Attributes
MFlash512        0x00000000         0x00080000         xr
RamLoc32         0x10000000         0x00008000         xrw
RamAHB32         0x2007c000         0x00008000         xrw
CANAccFilterRAM  0x40038000         0x00000800         xrw
*default*        0x00000000         0xffffffff

Linker script and memory map

LOAD ./src/cr_startup_lpc17.o
LOAD ./src/main.o
LOAD C:\Users\aluno\Desktop\Workspace_sergio\Lib_EaBaseBoard\Debug\libLib_EaBaseBoard.a
LOAD C:\Users\aluno\Desktop\Workspace_sergio\Lib_MCU\Debug\libLib_MCU.a
LOAD C:\Users\aluno\Desktop\Workspace_sergio\Lib_CMSISv1p30_LPC17xx\Debug\libLib_CMSISv1p30_LPC17xx.a
START GROUP
LOAD c:/nxp/lpcxpresso_5.2.6_2137/lpcxpresso/tools/bin/../lib/gcc/arm-none-eabi/4.6.2/armv7-m\libgcc.a
LOAD c:/nxp/lpcxpresso_5.2.6_2137/lpcxpresso/tools/bin/../lib/gcc/arm-none-eabi/4.6.2/../../../../arm-none-eabi/lib/armv7-m\libc.a
LOAD c:/nxp/lpcxpresso_5.2.6_2137/lpcxpresso/tools/bin/../lib/gcc/arm-none-eabi/4.6.2/../../../../arm-none-eabi/lib/armv7-m\libm.a
LOAD c:/nxp/lpcxpresso_5.2.6_2137/lpcxpresso/tools/bin/../lib/gcc/arm-none-eabi/4.6.2/../../../../arm-none-eabi/lib/armv7-m\libcr_newlib_semihost.a
END GROUP
                0x00080000                __top_MFlash512 = 0x80000
                0x10008000                __top_RamLoc32 = 0x10008000
                0x20084000                __top_RamAHB32 = 0x20084000
                0x40038800                __top_CANAccFilterRAM = 0x40038800

.text           0x00000000     0x28d0
 FILL mask 0xff
                0x00000000                __vectors_start__ = ABSOLUTE (.)
 *(.isr_vector)
 .isr_vector    0x00000000       0xcc ./src/cr_startup_lpc17.o
                0x00000000                g_pfnVectors
                0x000000cc                . = ALIGN (0x4)
                0x000000cc                __section_table_start = .
                0x000000cc                __data_section_table = .
                0x000000cc        0x4 LONG 0x28d0 LOADADDR (.data)
                0x000000d0        0x4 LONG 0x10000000 ADDR (.data)
                0x000000d4        0x4 LONG 0x8 SIZEOF (.data)
                0x000000d8        0x4 LONG 0x28d0 LOADADDR (.data_RAM2)
                0x000000dc        0x4 LONG 0x2007c000 ADDR (.data_RAM2)
                0x000000e0        0x4 LONG 0x0 SIZEOF (.data_RAM2)
                0x000000e4        0x4 LONG 0x28d0 LOADADDR (.data_RAM3)
                0x000000e8        0x4 LONG 0x40038000 ADDR (.data_RAM3)
                0x000000ec        0x4 LONG 0x0 SIZEOF (.data_RAM3)
                0x000000f0                __data_section_table_end = .
                0x000000f0                __bss_section_table = .
                0x000000f0        0x4 LONG 0x10000008 ADDR (.bss)
                0x000000f4        0x4 LONG 0x32c SIZEOF (.bss)
                0x000000f8        0x4 LONG 0x2007c000 ADDR (.bss_RAM2)
                0x000000fc        0x4 LONG 0x0 SIZEOF (.bss_RAM2)
                0x00000100        0x4 LONG 0x40038000 ADDR (.bss_RAM3)
                0x00000104        0x4 LONG 0x0 SIZEOF (.bss_RAM3)
                0x00000108                __bss_section_table_end = .
                0x00000108                __section_table_end = .
 *(.after_vectors*)
 *(.text*)
 .text.ResetISR
                0x00000108       0x68 ./src/cr_startup_lpc17.o
                0x00000108                ResetISR
 .text.NMI_Handler
                0x00000170        0x8 ./src/cr_startup_lpc17.o
                0x00000170                NMI_Handler
 .text.HardFault_Handler
                0x00000178        0x8 ./src/cr_startup_lpc17.o
                0x00000178                HardFault_Handler
 .text.MemManage_Handler
                0x00000180        0x8 ./src/cr_startup_lpc17.o
                0x00000180                MemManage_Handler
 .text.BusFault_Handler
                0x00000188        0x8 ./src/cr_startup_lpc17.o
                0x00000188                BusFault_Handler
 .text.UsageFault_Handler
                0x00000190        0x8 ./src/cr_startup_lpc17.o
                0x00000190                UsageFault_Handler
 .text.SVCall_Handler
                0x00000198        0x8 ./src/cr_startup_lpc17.o
                0x00000198                SVCall_Handler
 .text.DebugMon_Handler
                0x000001a0        0x8 ./src/cr_startup_lpc17.o
                0x000001a0                DebugMon_Handler
 .text.PendSV_Handler
                0x000001a8        0x8 ./src/cr_startup_lpc17.o
                0x000001a8                PendSV_Handler
 .text.SysTick_Handler
                0x000001b0        0x8 ./src/cr_startup_lpc17.o
                0x000001b0                SysTick_Handler
 .text.IntDefaultHandler
                0x000001b8        0x8 ./src/cr_startup_lpc17.o
                0x000001b8                TIMER2_IRQHandler
                0x000001b8                RIT_IRQHandler
                0x000001b8                I2C0_IRQHandler
                0x000001b8                USBActivity_IRQHandler
                0x000001b8                PWM1_IRQHandler
                0x000001b8                I2C1_IRQHandler
                0x000001b8                EINT2_IRQHandler
                0x000001b8                UART1_IRQHandler
                0x000001b8                EINT3_IRQHandler
                0x000001b8                CANActivity_IRQHandler
                0x000001b8                TIMER3_IRQHandler
                0x000001b8                UART0_IRQHandler
                0x000001b8                IntDefaultHandler
                0x000001b8                PLL0_IRQHandler
                0x000001b8                CAN_IRQHandler
                0x000001b8                PLL1_IRQHandler
                0x000001b8                SSP0_IRQHandler
                0x000001b8                I2S_IRQHandler
                0x000001b8                I2C2_IRQHandler
                0x000001b8                RTC_IRQHandler
                0x000001b8                TIMER0_IRQHandler
                0x000001b8                SPI_IRQHandler
                0x000001b8                EINT1_IRQHandler
                0x000001b8                TIMER1_IRQHandler
                0x000001b8                UART2_IRQHandler
                0x000001b8                SSP1_IRQHandler
                0x000001b8                USB_IRQHandler
                0x000001b8                BOD_IRQHandler
                0x000001b8                WDT_IRQHandler
                0x000001b8                QEI_IRQHandler
                0x000001b8                EINT0_IRQHandler
                0x000001b8                DMA_IRQHandler
                0x000001b8                UART3_IRQHandler
                0x000001b8                MCPWM_IRQHandler
                0x000001b8                ENET_IRQHandler
 .text.NVIC_EnableIRQ
                0x000001c0       0x38 ./src/main.o
 .text.NVIC_DisableIRQ
                0x000001f8       0x3c ./src/main.o
 .text.intToString
                0x00000234       0xdc ./src/main.o
 .text.init_ssp
                0x00000310       0x98 ./src/main.o
 .text.init_i2c
                0x000003a8       0x5c ./src/main.o
 .text.init_adc
                0x00000404       0x98 ./src/main.o
 .text.main     0x0000049c       0xd0 ./src/main.o
                0x0000049c                main
 .text.check_failed
                0x0000056c        0xc ./src/main.o
                0x0000056c                check_failed
 .text.ADC_IRQHandler
                0x00000578       0x3c ./src/main.o
                0x00000578                ADC_IRQHandler
 .text.writeCommand
                0x000005b4       0x60 C:\Users\aluno\Desktop\Workspace_sergio\Lib_EaBaseBoard\Debug\libLib_EaBaseBoard.a(oled.o)
 .text.writeData
                0x00000614       0x60 C:\Users\aluno\Desktop\Workspace_sergio\Lib_EaBaseBoard\Debug\libLib_EaBaseBoard.a(oled.o)
 .text.writeDataLen
                0x00000674       0x8c C:\Users\aluno\Desktop\Workspace_sergio\Lib_EaBaseBoard\Debug\libLib_EaBaseBoard.a(oled.o)
 .text.runInitSequence
                0x00000700      0x118 C:\Users\aluno\Desktop\Workspace_sergio\Lib_EaBaseBoard\Debug\libLib_EaBaseBoard.a(oled.o)
 .text.hLine    0x00000818       0x4c C:\Users\aluno\Desktop\Workspace_sergio\Lib_EaBaseBoard\Debug\libLib_EaBaseBoard.a(oled.o)
 .text.vLine    0x00000864       0x4c C:\Users\aluno\Desktop\Workspace_sergio\Lib_EaBaseBoard\Debug\libLib_EaBaseBoard.a(oled.o)
 .text.oled_init
                0x000008b0       0x9c C:\Users\aluno\Desktop\Workspace_sergio\Lib_EaBaseBoard\Debug\libLib_EaBaseBoard.a(oled.o)
                0x000008b0                oled_init
 .text.oled_putPixel
                0x0000094c      0x188 C:\Users\aluno\Desktop\Workspace_sergio\Lib_EaBaseBoard\Debug\libLib_EaBaseBoard.a(oled.o)
                0x0000094c                oled_putPixel
 .text.oled_fillRect
                0x00000ad4       0x90 C:\Users\aluno\Desktop\Workspace_sergio\Lib_EaBaseBoard\Debug\libLib_EaBaseBoard.a(oled.o)
                0x00000ad4                oled_fillRect
 .text.oled_clearScreen
                0x00000b64       0x74 C:\Users\aluno\Desktop\Workspace_sergio\Lib_EaBaseBoard\Debug\libLib_EaBaseBoard.a(oled.o)
                0x00000b64                oled_clearScreen
 .text.oled_putChar
                0x00000bd8       0xf0 C:\Users\aluno\Desktop\Workspace_sergio\Lib_EaBaseBoard\Debug\libLib_EaBaseBoard.a(oled.o)
                0x00000bd8                oled_putChar
 .text.oled_putString
                0x00000cc8       0x54 C:\Users\aluno\Desktop\Workspace_sergio\Lib_EaBaseBoard\Debug\libLib_EaBaseBoard.a(oled.o)
                0x00000cc8                oled_putString
 .text.ADC_Init
                0x00000d1c       0x94 C:\Users\aluno\Desktop\Workspace_sergio\Lib_MCU\Debug\libLib_MCU.a(lpc17xx_adc.o)
                0x00000d1c                ADC_Init
 .text.ADC_StartCmd
                0x00000db0       0x90 C:\Users\aluno\Desktop\Workspace_sergio\Lib_MCU\Debug\libLib_MCU.a(lpc17xx_adc.o)
                0x00000db0                ADC_StartCmd
 .text.ADC_EdgeStartConfig
                0x00000e40       0x6c C:\Users\aluno\Desktop\Workspace_sergio\Lib_MCU\Debug\libLib_MCU.a(lpc17xx_adc.o)
                0x00000e40                ADC_EdgeStartConfig
 .text.ADC_IntConfig
                0x00000eac       0xb4 C:\Users\aluno\Desktop\Workspace_sergio\Lib_MCU\Debug\libLib_MCU.a(lpc17xx_adc.o)
                0x00000eac                ADC_IntConfig
 .text.ADC_ChannelCmd
                0x00000f60       0x70 C:\Users\aluno\Desktop\Workspace_sergio\Lib_MCU\Debug\libLib_MCU.a(lpc17xx_adc.o)
                0x00000f60                ADC_ChannelCmd
 .text.ADC_ChannelGetData
                0x00000fd0       0x58 C:\Users\aluno\Desktop\Workspace_sergio\Lib_MCU\Debug\libLib_MCU.a(lpc17xx_adc.o)
                0x00000fd0                ADC_ChannelGetData
 .text.CLKPWR_SetPCLKDiv
                0x00001028       0xcc C:\Users\aluno\Desktop\Workspace_sergio\Lib_MCU\Debug\libLib_MCU.a(lpc17xx_clkpwr.o)
                0x00001028                CLKPWR_SetPCLKDiv
 .text.CLKPWR_GetPCLKSEL
                0x000010f4       0x54 C:\Users\aluno\Desktop\Workspace_sergio\Lib_MCU\Debug\libLib_MCU.a(lpc17xx_clkpwr.o)
                0x000010f4                CLKPWR_GetPCLKSEL
 .text.CLKPWR_GetPCLK
                0x00001148       0x74 C:\Users\aluno\Desktop\Workspace_sergio\Lib_MCU\Debug\libLib_MCU.a(lpc17xx_clkpwr.o)
                0x00001148                CLKPWR_GetPCLK
 .text.CLKPWR_ConfigPPWR
                0x000011bc       0x78 C:\Users\aluno\Desktop\Workspace_sergio\Lib_MCU\Debug\libLib_MCU.a(lpc17xx_clkpwr.o)
                0x000011bc                CLKPWR_ConfigPPWR
 .text.GPIO_GetPointer
                0x00001234       0x7c C:\Users\aluno\Desktop\Workspace_sergio\Lib_MCU\Debug\libLib_MCU.a(lpc17xx_gpio.o)
 .text.GPIO_SetDir
                0x000012b0       0x54 C:\Users\aluno\Desktop\Workspace_sergio\Lib_MCU\Debug\libLib_MCU.a(lpc17xx_gpio.o)
                0x000012b0                GPIO_SetDir
 .text.GPIO_SetValue
                0x00001304       0x2c C:\Users\aluno\Desktop\Workspace_sergio\Lib_MCU\Debug\libLib_MCU.a(lpc17xx_gpio.o)
                0x00001304                GPIO_SetValue
 .text.GPIO_ClearValue
                0x00001330       0x2c C:\Users\aluno\Desktop\Workspace_sergio\Lib_MCU\Debug\libLib_MCU.a(lpc17xx_gpio.o)
                0x00001330                GPIO_ClearValue
 .text.I2C_SetClock
                0x0000135c       0xc8 C:\Users\aluno\Desktop\Workspace_sergio\Lib_MCU\Debug\libLib_MCU.a(lpc17xx_i2c.o)
                0x0000135c                I2C_SetClock
 .text.I2C_Init
                0x00001424       0xd8 C:\Users\aluno\Desktop\Workspace_sergio\Lib_MCU\Debug\libLib_MCU.a(lpc17xx_i2c.o)
                0x00001424                I2C_Init
 .text.I2C_Cmd  0x000014fc       0x84 C:\Users\aluno\Desktop\Workspace_sergio\Lib_MCU\Debug\libLib_MCU.a(lpc17xx_i2c.o)
                0x000014fc                I2C_Cmd
 .text.PINSEL_SetPinFunc
                0x00001580       0x9c C:\Users\aluno\Desktop\Workspace_sergio\Lib_MCU\Debug\libLib_MCU.a(lpc17xx_pinsel.o)
                0x00001580                PINSEL_SetPinFunc
 .text.PINSEL_SetResistorMode
                0x0000161c       0x9c C:\Users\aluno\Desktop\Workspace_sergio\Lib_MCU\Debug\libLib_MCU.a(lpc17xx_pinsel.o)
                0x0000161c                PINSEL_SetResistorMode
 .text.PINSEL_SetOpenDrainMode
                0x000016b8       0x7c C:\Users\aluno\Desktop\Workspace_sergio\Lib_MCU\Debug\libLib_MCU.a(lpc17xx_pinsel.o)
                0x000016b8                PINSEL_SetOpenDrainMode
 .text.PINSEL_ConfigPin
                0x00001734       0x54 C:\Users\aluno\Desktop\Workspace_sergio\Lib_MCU\Debug\libLib_MCU.a(lpc17xx_pinsel.o)
                0x00001734                PINSEL_ConfigPin
 .text.SSP_getNum
                0x00001788       0x40 C:\Users\aluno\Desktop\Workspace_sergio\Lib_MCU\Debug\libLib_MCU.a(lpc17xx_ssp.o)
 .text.SSP_IntHandler
                0x000017c8      0x338 C:\Users\aluno\Desktop\Workspace_sergio\Lib_MCU\Debug\libLib_MCU.a(lpc17xx_ssp.o)
                0x000017c8                SSP_IntHandler
 .text.SSP_SetClock
                0x00001b00       0xf8 C:\Users\aluno\Desktop\Workspace_sergio\Lib_MCU\Debug\libLib_MCU.a(lpc17xx_ssp.o)
                0x00001b00                SSP_SetClock
 .text.SSP_Init
                0x00001bf8      0x10c C:\Users\aluno\Desktop\Workspace_sergio\Lib_MCU\Debug\libLib_MCU.a(lpc17xx_ssp.o)
                0x00001bf8                SSP_Init
 .text.SSP_ConfigStructInit
                0x00001d04       0x48 C:\Users\aluno\Desktop\Workspace_sergio\Lib_MCU\Debug\libLib_MCU.a(lpc17xx_ssp.o)
                0x00001d04                SSP_ConfigStructInit
 .text.SSP_Cmd  0x00001d4c       0x7c C:\Users\aluno\Desktop\Workspace_sergio\Lib_MCU\Debug\libLib_MCU.a(lpc17xx_ssp.o)
                0x00001d4c                SSP_Cmd
 .text.SSP_SendData
                0x00001dc8       0x48 C:\Users\aluno\Desktop\Workspace_sergio\Lib_MCU\Debug\libLib_MCU.a(lpc17xx_ssp.o)
                0x00001dc8                SSP_SendData
 .text.SSP_ReceiveData
                0x00001e10       0x44 C:\Users\aluno\Desktop\Workspace_sergio\Lib_MCU\Debug\libLib_MCU.a(lpc17xx_ssp.o)
                0x00001e10                SSP_ReceiveData
 .text.SSP_ReadWrite
                0x00001e54      0x440 C:\Users\aluno\Desktop\Workspace_sergio\Lib_MCU\Debug\libLib_MCU.a(lpc17xx_ssp.o)
                0x00001e54                SSP_ReadWrite
 .text.SystemInit
                0x00002294      0x22c C:\Users\aluno\Desktop\Workspace_sergio\Lib_CMSISv1p30_LPC17xx\Debug\libLib_CMSISv1p30_LPC17xx.a(system_LPC17xx.o)
                0x00002294                SystemInit
 .text.memset   0x000024c0       0x90 c:/nxp/lpcxpresso_5.2.6_2137/lpcxpresso/tools/bin/../lib/gcc/arm-none-eabi/4.6.2/../../../../arm-none-eabi/lib/armv7-m\libc.a(lib_a-memset.o)
                0x000024c0                memset
 *(.rodata .rodata.*)
 .rodata        0x00002550       0x30 ./src/main.o
 .rodata        0x00002580        0x8 C:\Users\aluno\Desktop\Workspace_sergio\Lib_EaBaseBoard\Debug\libLib_EaBaseBoard.a(oled.o)
 .rodata        0x00002588      0x300 C:\Users\aluno\Desktop\Workspace_sergio\Lib_EaBaseBoard\Debug\libLib_EaBaseBoard.a(font5x7.o)
                0x00002588                font5x7
 .rodata        0x00002888       0x18 C:\Users\aluno\Desktop\Workspace_sergio\Lib_MCU\Debug\libLib_MCU.a(lpc17xx_adc.o)
 .rodata        0x000028a0       0x18 C:\Users\aluno\Desktop\Workspace_sergio\Lib_MCU\Debug\libLib_MCU.a(lpc17xx_i2c.o)
 .rodata        0x000028b8       0x18 C:\Users\aluno\Desktop\Workspace_sergio\Lib_MCU\Debug\libLib_MCU.a(lpc17xx_ssp.o)
                0x000028d0                . = ALIGN (0x4)

.glue_7         0x000028d0        0x0
 .glue_7        0x00000000        0x0 linker stubs

.glue_7t        0x000028d0        0x0
 .glue_7t       0x00000000        0x0 linker stubs

.vfp11_veneer   0x000028d0        0x0
 .vfp11_veneer  0x00000000        0x0 linker stubs

.v4_bx          0x000028d0        0x0
 .v4_bx         0x00000000        0x0 linker stubs

.ARM.extab
 *(.ARM.extab* .gnu.linkonce.armextab.*)
                0x000028d0                __exidx_start = .

.ARM.exidx
 *(.ARM.exidx* .gnu.linkonce.armexidx.*)
                0x000028d0                __exidx_end = .
                0x000028d0                _etext = .

.data_RAM2      0x2007c000        0x0 load address 0x000028d0
 FILL mask 0xff
 *(.data.$RAM2*)
 *(.data.$RamAHB32*)
                0x2007c000                . = ALIGN (0x4)

.data_RAM3      0x40038000        0x0 load address 0x000028d0
 FILL mask 0xff
 *(.data.$RAM3*)
 *(.data.$CANAccFilterRAM*)
                0x40038000                . = ALIGN (0x4)

.uninit_RESERVED
                0x10000000        0x0
 *(.bss.$RESERVED*)
                0x10000000                . = ALIGN (0x4)
                0x10000000                _end_uninit_RESERVED = .

.data           0x10000000        0x8 load address 0x000028d0
 FILL mask 0xff
                0x10000000                _data = .
 *(vtable)
 *(.data*)
 .data          0x10000000        0x4 ./src/main.o
 .data          0x10000004        0x4 C:\Users\aluno\Desktop\Workspace_sergio\Lib_CMSISv1p30_LPC17xx\Debug\libLib_CMSISv1p30_LPC17xx.a(system_LPC17xx.o)
                0x10000004                SystemCoreClock
                0x10000008                . = ALIGN (0x4)
                0x10000008                _edata = .

.bss_RAM2       0x2007c000        0x0
 *(.bss.$RAM2*)
 *(.bss.$RamAHB32*)
                0x2007c000                . = ALIGN (0x4)

.bss_RAM3       0x40038000        0x0
 *(.bss.$RAM3*)
 *(.bss.$CANAccFilterRAM*)
                0x40038000                . = ALIGN (0x4)

.bss            0x10000008      0x32c
                0x10000008                _bss = .
 *(.bss*)
 .bss           0x10000008       0x14 ./src/main.o
                0x10000014                ADC_Interrupt_Done_Flag
                0x10000018                val
 .bss           0x1000001c      0x300 C:\Users\aluno\Desktop\Workspace_sergio\Lib_EaBaseBoard\Debug\libLib_EaBaseBoard.a(oled.o)
 .bss           0x1000031c       0x18 C:\Users\aluno\Desktop\Workspace_sergio\Lib_MCU\Debug\libLib_MCU.a(lpc17xx_ssp.o)
 *(COMMON)
                0x10000334                . = ALIGN (0x4)
                0x10000334                _ebss = .
                0x10000334                PROVIDE (end, .)

.noinit_RAM2    0x2007c000        0x0
 *(.noinit.$RAM2*)
 *(.noinit.$RamAHB32*)
                0x2007c000                . = ALIGN (0x4)

.noinit_RAM3    0x40038000        0x0
 *(.noinit.$RAM3*)
 *(.noinit.$CANAccFilterRAM*)
                0x40038000                . = ALIGN (0x4)

.noinit         0x10000334        0x0
                0x10000334                _noinit = .
 *(.noinit*)
                0x10000334                . = ALIGN (0x4)
                0x10000334                _end_noinit = .
                0x10000334                PROVIDE (_pvHeapStart, .)
                0x10008000                PROVIDE (_vStackTop, (__top_RamLoc32 - 0x0))
OUTPUT(bnc_oled.axf elf32-littlearm)

.debug_info     0x00000000     0x4a4e
 .debug_info    0x00000000      0x209 ./src/cr_startup_lpc17.o
 .debug_info    0x00000209      0x940 ./src/main.o
 .debug_info    0x00000b49      0x97d C:\Users\aluno\Desktop\Workspace_sergio\Lib_EaBaseBoard\Debug\libLib_EaBaseBoard.a(oled.o)
 .debug_info    0x000014c6       0x65 C:\Users\aluno\Desktop\Workspace_sergio\Lib_EaBaseBoard\Debug\libLib_EaBaseBoard.a(font5x7.o)
 .debug_info    0x0000152b      0x61b C:\Users\aluno\Desktop\Workspace_sergio\Lib_MCU\Debug\libLib_MCU.a(lpc17xx_adc.o)
 .debug_info    0x00001b46      0x641 C:\Users\aluno\Desktop\Workspace_sergio\Lib_MCU\Debug\libLib_MCU.a(lpc17xx_clkpwr.o)
 .debug_info    0x00002187      0xb95 C:\Users\aluno\Desktop\Workspace_sergio\Lib_MCU\Debug\libLib_MCU.a(lpc17xx_gpio.o)
 .debug_info    0x00002d1c      0xcc3 C:\Users\aluno\Desktop\Workspace_sergio\Lib_MCU\Debug\libLib_MCU.a(lpc17xx_i2c.o)
 .debug_info    0x000039df      0x4b1 C:\Users\aluno\Desktop\Workspace_sergio\Lib_MCU\Debug\libLib_MCU.a(lpc17xx_pinsel.o)
 .debug_info    0x00003e90      0x867 C:\Users\aluno\Desktop\Workspace_sergio\Lib_MCU\Debug\libLib_MCU.a(lpc17xx_ssp.o)
 .debug_info    0x000046f7      0x357 C:\Users\aluno\Desktop\Workspace_sergio\Lib_CMSISv1p30_LPC17xx\Debug\libLib_CMSISv1p30_LPC17xx.a(system_LPC17xx.o)

.debug_abbrev   0x00000000      0xf2c
 .debug_abbrev  0x00000000       0xb4 ./src/cr_startup_lpc17.o
 .debug_abbrev  0x000000b4      0x20f ./src/main.o
 .debug_abbrev  0x000002c3      0x1f1 C:\Users\aluno\Desktop\Workspace_sergio\Lib_EaBaseBoard\Debug\libLib_EaBaseBoard.a(oled.o)
 .debug_abbrev  0x000004b4       0x4b C:\Users\aluno\Desktop\Workspace_sergio\Lib_EaBaseBoard\Debug\libLib_EaBaseBoard.a(font5x7.o)
 .debug_abbrev  0x000004ff      0x13f C:\Users\aluno\Desktop\Workspace_sergio\Lib_MCU\Debug\libLib_MCU.a(lpc17xx_adc.o)
 .debug_abbrev  0x0000063e      0x174 C:\Users\aluno\Desktop\Workspace_sergio\Lib_MCU\Debug\libLib_MCU.a(lpc17xx_clkpwr.o)
 .debug_abbrev  0x000007b2      0x185 C:\Users\aluno\Desktop\Workspace_sergio\Lib_MCU\Debug\libLib_MCU.a(lpc17xx_gpio.o)
 .debug_abbrev  0x00000937      0x24a C:\Users\aluno\Desktop\Workspace_sergio\Lib_MCU\Debug\libLib_MCU.a(lpc17xx_i2c.o)
 .debug_abbrev  0x00000b81      0x10a C:\Users\aluno\Desktop\Workspace_sergio\Lib_MCU\Debug\libLib_MCU.a(lpc17xx_pinsel.o)
 .debug_abbrev  0x00000c8b      0x1d3 C:\Users\aluno\Desktop\Workspace_sergio\Lib_MCU\Debug\libLib_MCU.a(lpc17xx_ssp.o)
 .debug_abbrev  0x00000e5e       0xce C:\Users\aluno\Desktop\Workspace_sergio\Lib_CMSISv1p30_LPC17xx\Debug\libLib_CMSISv1p30_LPC17xx.a(system_LPC17xx.o)

.debug_loc      0x00000000     0x1b52
 .debug_loc     0x00000000      0x1f0 ./src/cr_startup_lpc17.o
 .debug_loc     0x000001f0      0x1ec ./src/main.o
 .debug_loc     0x000003dc      0x33e C:\Users\aluno\Desktop\Workspace_sergio\Lib_EaBaseBoard\Debug\libLib_EaBaseBoard.a(oled.o)
 .debug_loc     0x0000071a      0x2d8 C:\Users\aluno\Desktop\Workspace_sergio\Lib_MCU\Debug\libLib_MCU.a(lpc17xx_adc.o)
 .debug_loc     0x000009f2      0x1bc C:\Users\aluno\Desktop\Workspace_sergio\Lib_MCU\Debug\libLib_MCU.a(lpc17xx_clkpwr.o)
 .debug_loc     0x00000bae      0x4d0 C:\Users\aluno\Desktop\Workspace_sergio\Lib_MCU\Debug\libLib_MCU.a(lpc17xx_gpio.o)
 .debug_loc     0x0000107e      0x4e4 C:\Users\aluno\Desktop\Workspace_sergio\Lib_MCU\Debug\libLib_MCU.a(lpc17xx_i2c.o)
 .debug_loc     0x00001562      0x150 C:\Users\aluno\Desktop\Workspace_sergio\Lib_MCU\Debug\libLib_MCU.a(lpc17xx_pinsel.o)
 .debug_loc     0x000016b2      0x448 C:\Users\aluno\Desktop\Workspace_sergio\Lib_MCU\Debug\libLib_MCU.a(lpc17xx_ssp.o)
 .debug_loc     0x00001afa       0x58 C:\Users\aluno\Desktop\Workspace_sergio\Lib_CMSISv1p30_LPC17xx\Debug\libLib_CMSISv1p30_LPC17xx.a(system_LPC17xx.o)

.debug_aranges  0x00000000      0x500
 .debug_aranges
                0x00000000       0x70 ./src/cr_startup_lpc17.o
 .debug_aranges
                0x00000070       0x60 ./src/main.o
 .debug_aranges
                0x000000d0       0x90 C:\Users\aluno\Desktop\Workspace_sergio\Lib_EaBaseBoard\Debug\libLib_EaBaseBoard.a(oled.o)
 .debug_aranges
                0x00000160       0x80 C:\Users\aluno\Desktop\Workspace_sergio\Lib_MCU\Debug\libLib_MCU.a(lpc17xx_adc.o)
 .debug_aranges
                0x000001e0       0x60 C:\Users\aluno\Desktop\Workspace_sergio\Lib_MCU\Debug\libLib_MCU.a(lpc17xx_clkpwr.o)
 .debug_aranges
                0x00000240       0xc8 C:\Users\aluno\Desktop\Workspace_sergio\Lib_MCU\Debug\libLib_MCU.a(lpc17xx_gpio.o)
 .debug_aranges
                0x00000308       0xd0 C:\Users\aluno\Desktop\Workspace_sergio\Lib_MCU\Debug\libLib_MCU.a(lpc17xx_i2c.o)
 .debug_aranges
                0x000003d8       0x48 C:\Users\aluno\Desktop\Workspace_sergio\Lib_MCU\Debug\libLib_MCU.a(lpc17xx_pinsel.o)
 .debug_aranges
                0x00000420       0xb8 C:\Users\aluno\Desktop\Workspace_sergio\Lib_MCU\Debug\libLib_MCU.a(lpc17xx_ssp.o)
 .debug_aranges
                0x000004d8       0x28 C:\Users\aluno\Desktop\Workspace_sergio\Lib_CMSISv1p30_LPC17xx\Debug\libLib_CMSISv1p30_LPC17xx.a(system_LPC17xx.o)

.debug_ranges   0x00000000      0x460
 .debug_ranges  0x00000000       0x60 ./src/cr_startup_lpc17.o
 .debug_ranges  0x00000060       0x50 ./src/main.o
 .debug_ranges  0x000000b0       0x80 C:\Users\aluno\Desktop\Workspace_sergio\Lib_EaBaseBoard\Debug\libLib_EaBaseBoard.a(oled.o)
 .debug_ranges  0x00000130       0x70 C:\Users\aluno\Desktop\Workspace_sergio\Lib_MCU\Debug\libLib_MCU.a(lpc17xx_adc.o)
 .debug_ranges  0x000001a0       0x50 C:\Users\aluno\Desktop\Workspace_sergio\Lib_MCU\Debug\libLib_MCU.a(lpc17xx_clkpwr.o)
 .debug_ranges  0x000001f0       0xb8 C:\Users\aluno\Desktop\Workspace_sergio\Lib_MCU\Debug\libLib_MCU.a(lpc17xx_gpio.o)
 .debug_ranges  0x000002a8       0xc0 C:\Users\aluno\Desktop\Workspace_sergio\Lib_MCU\Debug\libLib_MCU.a(lpc17xx_i2c.o)
 .debug_ranges  0x00000368       0x38 C:\Users\aluno\Desktop\Workspace_sergio\Lib_MCU\Debug\libLib_MCU.a(lpc17xx_pinsel.o)
 .debug_ranges  0x000003a0       0xa8 C:\Users\aluno\Desktop\Workspace_sergio\Lib_MCU\Debug\libLib_MCU.a(lpc17xx_ssp.o)
 .debug_ranges  0x00000448       0x18 C:\Users\aluno\Desktop\Workspace_sergio\Lib_CMSISv1p30_LPC17xx\Debug\libLib_CMSISv1p30_LPC17xx.a(system_LPC17xx.o)

.debug_line     0x00000000     0x39d6
 .debug_line    0x00000000      0x367 ./src/cr_startup_lpc17.o
 .debug_line    0x00000367      0x4a0 ./src/main.o
 .debug_line    0x00000807      0x75d C:\Users\aluno\Desktop\Workspace_sergio\Lib_EaBaseBoard\Debug\libLib_EaBaseBoard.a(oled.o)
 .debug_line    0x00000f64       0x7d C:\Users\aluno\Desktop\Workspace_sergio\Lib_EaBaseBoard\Debug\libLib_EaBaseBoard.a(font5x7.o)
 .debug_line    0x00000fe1      0x5e9 C:\Users\aluno\Desktop\Workspace_sergio\Lib_MCU\Debug\libLib_MCU.a(lpc17xx_adc.o)
 .debug_line    0x000015ca      0x4b9 C:\Users\aluno\Desktop\Workspace_sergio\Lib_MCU\Debug\libLib_MCU.a(lpc17xx_clkpwr.o)
 .debug_line    0x00001a83      0x5d9 C:\Users\aluno\Desktop\Workspace_sergio\Lib_MCU\Debug\libLib_MCU.a(lpc17xx_gpio.o)
 .debug_line    0x0000205c      0x8f4 C:\Users\aluno\Desktop\Workspace_sergio\Lib_MCU\Debug\libLib_MCU.a(lpc17xx_i2c.o)
 .debug_line    0x00002950      0x458 C:\Users\aluno\Desktop\Workspace_sergio\Lib_MCU\Debug\libLib_MCU.a(lpc17xx_pinsel.o)
 .debug_line    0x00002da8      0x827 C:\Users\aluno\Desktop\Workspace_sergio\Lib_MCU\Debug\libLib_MCU.a(lpc17xx_ssp.o)
 .debug_line    0x000035cf      0x407 C:\Users\aluno\Desktop\Workspace_sergio\Lib_CMSISv1p30_LPC17xx\Debug\libLib_CMSISv1p30_LPC17xx.a(system_LPC17xx.o)

.debug_macinfo  0x00000000    0x5bc24
 .debug_macinfo
                0x00000000     0x2c15 ./src/cr_startup_lpc17.o
 .debug_macinfo
                0x00002c15     0xa450 ./src/main.o
 .debug_macinfo
                0x0000d065     0xa143 C:\Users\aluno\Desktop\Workspace_sergio\Lib_EaBaseBoard\Debug\libLib_EaBaseBoard.a(oled.o)
 .debug_macinfo
                0x000171a8     0x332a C:\Users\aluno\Desktop\Workspace_sergio\Lib_EaBaseBoard\Debug\libLib_EaBaseBoard.a(font5x7.o)
 .debug_macinfo
                0x0001a4d2     0xa02e C:\Users\aluno\Desktop\Workspace_sergio\Lib_MCU\Debug\libLib_MCU.a(lpc17xx_adc.o)
 .debug_macinfo
                0x00024500     0x95f9 C:\Users\aluno\Desktop\Workspace_sergio\Lib_MCU\Debug\libLib_MCU.a(lpc17xx_clkpwr.o)
 .debug_macinfo
                0x0002daf9     0x86b8 C:\Users\aluno\Desktop\Workspace_sergio\Lib_MCU\Debug\libLib_MCU.a(lpc17xx_gpio.o)
 .debug_macinfo
                0x000361b1     0xa5d8 C:\Users\aluno\Desktop\Workspace_sergio\Lib_MCU\Debug\libLib_MCU.a(lpc17xx_i2c.o)
 .debug_macinfo
                0x00040789     0x87d3 C:\Users\aluno\Desktop\Workspace_sergio\Lib_MCU\Debug\libLib_MCU.a(lpc17xx_pinsel.o)
 .debug_macinfo
                0x00048f5c     0xa8d0 C:\Users\aluno\Desktop\Workspace_sergio\Lib_MCU\Debug\libLib_MCU.a(lpc17xx_ssp.o)
 .debug_macinfo
                0x0005382c     0x83f8 C:\Users\aluno\Desktop\Workspace_sergio\Lib_CMSISv1p30_LPC17xx\Debug\libLib_CMSISv1p30_LPC17xx.a(system_LPC17xx.o)

.debug_str      0x00000000     0x19e9
 .debug_str     0x00000000      0x1c2 ./src/cr_startup_lpc17.o
                                0x1fc (size before relaxing)
 .debug_str     0x000001c2      0x5f9 ./src/main.o
                                0x717 (size before relaxing)
 .debug_str     0x000007bb      0x270 C:\Users\aluno\Desktop\Workspace_sergio\Lib_EaBaseBoard\Debug\libLib_EaBaseBoard.a(oled.o)
                                0x3b0 (size before relaxing)
 .debug_str     0x00000a2b       0x11 C:\Users\aluno\Desktop\Workspace_sergio\Lib_EaBaseBoard\Debug\libLib_EaBaseBoard.a(font5x7.o)
                                 0xbb (size before relaxing)
 .debug_str     0x00000a3c      0x228 C:\Users\aluno\Desktop\Workspace_sergio\Lib_MCU\Debug\libLib_MCU.a(lpc17xx_adc.o)
                                0x4cd (size before relaxing)
 .debug_str     0x00000c64      0x228 C:\Users\aluno\Desktop\Workspace_sergio\Lib_MCU\Debug\libLib_MCU.a(lpc17xx_clkpwr.o)
                                0x39d (size before relaxing)
 .debug_str     0x00000e8c      0x33e C:\Users\aluno\Desktop\Workspace_sergio\Lib_MCU\Debug\libLib_MCU.a(lpc17xx_gpio.o)
                                0x46c (size before relaxing)
 .debug_str     0x000011ca      0x38d C:\Users\aluno\Desktop\Workspace_sergio\Lib_MCU\Debug\libLib_MCU.a(lpc17xx_i2c.o)
                                0x802 (size before relaxing)
 .debug_str     0x00001557      0x214 C:\Users\aluno\Desktop\Workspace_sergio\Lib_MCU\Debug\libLib_MCU.a(lpc17xx_pinsel.o)
                                0x3a1 (size before relaxing)
 .debug_str     0x0000176b      0x200 C:\Users\aluno\Desktop\Workspace_sergio\Lib_MCU\Debug\libLib_MCU.a(lpc17xx_ssp.o)
                                0x47f (size before relaxing)
 .debug_str     0x0000196b       0x7e C:\Users\aluno\Desktop\Workspace_sergio\Lib_CMSISv1p30_LPC17xx\Debug\libLib_CMSISv1p30_LPC17xx.a(system_LPC17xx.o)
                                0x297 (size before relaxing)

.comment        0x00000000       0x70
 .comment       0x00000000       0x70 ./src/cr_startup_lpc17.o
                                 0x71 (size before relaxing)
 .comment       0x00000000       0x71 ./src/main.o
 .comment       0x00000000       0x71 C:\Users\aluno\Desktop\Workspace_sergio\Lib_EaBaseBoard\Debug\libLib_EaBaseBoard.a(oled.o)
 .comment       0x00000000       0x71 C:\Users\aluno\Desktop\Workspace_sergio\Lib_EaBaseBoard\Debug\libLib_EaBaseBoard.a(font5x7.o)
 .comment       0x00000000       0x71 C:\Users\aluno\Desktop\Workspace_sergio\Lib_MCU\Debug\libLib_MCU.a(lpc17xx_adc.o)
 .comment       0x00000000       0x71 C:\Users\aluno\Desktop\Workspace_sergio\Lib_MCU\Debug\libLib_MCU.a(lpc17xx_clkpwr.o)
 .comment       0x00000000       0x71 C:\Users\aluno\Desktop\Workspace_sergio\Lib_MCU\Debug\libLib_MCU.a(lpc17xx_gpio.o)
 .comment       0x00000000       0x71 C:\Users\aluno\Desktop\Workspace_sergio\Lib_MCU\Debug\libLib_MCU.a(lpc17xx_i2c.o)
 .comment       0x00000000       0x71 C:\Users\aluno\Desktop\Workspace_sergio\Lib_MCU\Debug\libLib_MCU.a(lpc17xx_pinsel.o)
 .comment       0x00000000       0x71 C:\Users\aluno\Desktop\Workspace_sergio\Lib_MCU\Debug\libLib_MCU.a(lpc17xx_ssp.o)
 .comment       0x00000000       0x71 C:\Users\aluno\Desktop\Workspace_sergio\Lib_CMSISv1p30_LPC17xx\Debug\libLib_CMSISv1p30_LPC17xx.a(system_LPC17xx.o)

.ARM.attributes
                0x00000000       0x33
 .ARM.attributes
                0x00000000       0x33 ./src/cr_startup_lpc17.o
 .ARM.attributes
                0x00000033       0x33 ./src/main.o
 .ARM.attributes
                0x00000066       0x33 C:\Users\aluno\Desktop\Workspace_sergio\Lib_EaBaseBoard\Debug\libLib_EaBaseBoard.a(oled.o)
 .ARM.attributes
                0x00000099       0x33 C:\Users\aluno\Desktop\Workspace_sergio\Lib_EaBaseBoard\Debug\libLib_EaBaseBoard.a(font5x7.o)
 .ARM.attributes
                0x000000cc       0x33 C:\Users\aluno\Desktop\Workspace_sergio\Lib_MCU\Debug\libLib_MCU.a(lpc17xx_adc.o)
 .ARM.attributes
                0x000000ff       0x33 C:\Users\aluno\Desktop\Workspace_sergio\Lib_MCU\Debug\libLib_MCU.a(lpc17xx_clkpwr.o)
 .ARM.attributes
                0x00000132       0x33 C:\Users\aluno\Desktop\Workspace_sergio\Lib_MCU\Debug\libLib_MCU.a(lpc17xx_gpio.o)
 .ARM.attributes
                0x00000165       0x33 C:\Users\aluno\Desktop\Workspace_sergio\Lib_MCU\Debug\libLib_MCU.a(lpc17xx_i2c.o)
 .ARM.attributes
                0x00000198       0x33 C:\Users\aluno\Desktop\Workspace_sergio\Lib_MCU\Debug\libLib_MCU.a(lpc17xx_pinsel.o)
 .ARM.attributes
                0x000001cb       0x33 C:\Users\aluno\Desktop\Workspace_sergio\Lib_MCU\Debug\libLib_MCU.a(lpc17xx_ssp.o)
 .ARM.attributes
                0x000001fe       0x33 C:\Users\aluno\Desktop\Workspace_sergio\Lib_CMSISv1p30_LPC17xx\Debug\libLib_CMSISv1p30_LPC17xx.a(system_LPC17xx.o)
 .ARM.attributes
                0x00000231       0x1d c:/nxp/lpcxpresso_5.2.6_2137/lpcxpresso/tools/bin/../lib/gcc/arm-none-eabi/4.6.2/armv7-m\libgcc.a(_aeabi_uldivmod.o)
 .ARM.attributes
                0x0000024e       0x2d c:/nxp/lpcxpresso_5.2.6_2137/lpcxpresso/tools/bin/../lib/gcc/arm-none-eabi/4.6.2/armv7-m\libgcc.a(bpabi.o)
 .ARM.attributes
                0x0000027b       0x1d c:/nxp/lpcxpresso_5.2.6_2137/lpcxpresso/tools/bin/../lib/gcc/arm-none-eabi/4.6.2/armv7-m\libgcc.a(_dvmd_tls.o)
 .ARM.attributes
                0x00000298       0x2d c:/nxp/lpcxpresso_5.2.6_2137/lpcxpresso/tools/bin/../lib/gcc/arm-none-eabi/4.6.2/armv7-m\libgcc.a(_divdi3.o)
 .ARM.attributes
                0x000002c5       0x2d c:/nxp/lpcxpresso_5.2.6_2137/lpcxpresso/tools/bin/../lib/gcc/arm-none-eabi/4.6.2/armv7-m\libgcc.a(_udivdi3.o)
 .ARM.attributes
                0x000002f2       0x2d c:/nxp/lpcxpresso_5.2.6_2137/lpcxpresso/tools/bin/../lib/gcc/arm-none-eabi/4.6.2/../../../../arm-none-eabi/lib/armv7-m\libc.a(lib_a-memset.o)

.debug_frame    0x00000000     0x10d8
 .debug_frame   0x00000000      0x120 ./src/cr_startup_lpc17.o
 .debug_frame   0x00000120      0x120 ./src/main.o
 .debug_frame   0x00000240      0x1ec C:\Users\aluno\Desktop\Workspace_sergio\Lib_EaBaseBoard\Debug\libLib_EaBaseBoard.a(oled.o)
 .debug_frame   0x0000042c      0x1ac C:\Users\aluno\Desktop\Workspace_sergio\Lib_MCU\Debug\libLib_MCU.a(lpc17xx_adc.o)
 .debug_frame   0x000005d8      0x10c C:\Users\aluno\Desktop\Workspace_sergio\Lib_MCU\Debug\libLib_MCU.a(lpc17xx_clkpwr.o)
 .debug_frame   0x000006e4      0x2c4 C:\Users\aluno\Desktop\Workspace_sergio\Lib_MCU\Debug\libLib_MCU.a(lpc17xx_gpio.o)
 .debug_frame   0x000009a8      0x2c8 C:\Users\aluno\Desktop\Workspace_sergio\Lib_MCU\Debug\libLib_MCU.a(lpc17xx_i2c.o)
 .debug_frame   0x00000c70       0xbc C:\Users\aluno\Desktop\Workspace_sergio\Lib_MCU\Debug\libLib_MCU.a(lpc17xx_pinsel.o)
 .debug_frame   0x00000d2c      0x280 C:\Users\aluno\Desktop\Workspace_sergio\Lib_MCU\Debug\libLib_MCU.a(lpc17xx_ssp.o)
 .debug_frame   0x00000fac       0x48 C:\Users\aluno\Desktop\Workspace_sergio\Lib_CMSISv1p30_LPC17xx\Debug\libLib_CMSISv1p30_LPC17xx.a(system_LPC17xx.o)
 .debug_frame   0x00000ff4       0x50 c:/nxp/lpcxpresso_5.2.6_2137/lpcxpresso/tools/bin/../lib/gcc/arm-none-eabi/4.6.2/armv7-m\libgcc.a(bpabi.o)
 .debug_frame   0x00001044       0x34 c:/nxp/lpcxpresso_5.2.6_2137/lpcxpresso/tools/bin/../lib/gcc/arm-none-eabi/4.6.2/armv7-m\libgcc.a(_divdi3.o)
 .debug_frame   0x00001078       0x34 c:/nxp/lpcxpresso_5.2.6_2137/lpcxpresso/tools/bin/../lib/gcc/arm-none-eabi/4.6.2/armv7-m\libgcc.a(_udivdi3.o)
 .debug_frame   0x000010ac       0x2c c:/nxp/lpcxpresso_5.2.6_2137/lpcxpresso/tools/bin/../lib/gcc/arm-none-eabi/4.6.2/../../../../arm-none-eabi/lib/armv7-m\libc.a(lib_a-memset.o)
